[    0.000000] Initializing cgroup subsys cpuset
[    0.000000] Initializing cgroup subsys cpu
[    0.000000] Initializing cgroup subsys cpuacct
[    0.000000] Linux version 4.4.0-122-generic (buildd@lcy01-amd64-005) (gcc version 5.4.0 20160609 (Ubuntu 5.4.0-6ubuntu1~16.04.9) ) #146-Ubuntu SMP Mon Apr 23 15:34:04 UTC 2018 (Ubuntu 4.4.0-122.146-generic 4.4.117)
[    0.000000] Command line: BOOT_IMAGE=/boot/vmlinuz-4.4.0-122-generic root=UUID=a7eda442-e46f-485f-988d-83ec628120f3 ro console=tty1 console=ttyS0
[    0.000000] KERNEL supported cpus:
[    0.000000]   Intel GenuineIntel
[    0.000000]   AMD AuthenticAMD
[    0.000000]   Centaur CentaurHauls
[    0.000000] x86/fpu: Legacy x87 FPU detected.
[    0.000000] x86/fpu: Using 'lazy' FPU context switches.
[    0.000000] e820: BIOS-provided physical RAM map:
[    0.000000] BIOS-e820: [mem 0x0000000000000000-0x000000000009fbff] usable
[    0.000000] BIOS-e820: [mem 0x000000000009fc00-0x000000000009ffff] reserved
[    0.000000] BIOS-e820: [mem 0x00000000000f0000-0x00000000000fffff] reserved
[    0.000000] BIOS-e820: [mem 0x0000000000100000-0x000000003ffeffff] usable
[    0.000000] BIOS-e820: [mem 0x000000003fff0000-0x000000003fffffff] ACPI data
[    0.000000] BIOS-e820: [mem 0x00000000fec00000-0x00000000fec00fff] reserved
[    0.000000] BIOS-e820: [mem 0x00000000fee00000-0x00000000fee00fff] reserved
[    0.000000] BIOS-e820: [mem 0x00000000fffc0000-0x00000000ffffffff] reserved
[    0.000000] NX (Execute Disable) protection: active
[    0.000000] SMBIOS 2.5 present.
[    0.000000] Hypervisor detected: KVM
[    0.000000] e820: last_pfn = 0x3fff0 max_arch_pfn = 0x400000000
[    0.000000] MTRR: Disabled
[    0.000000] x86/PAT: MTRRs disabled, skipping PAT initialization too.
[    0.000000] CPU MTRRs all blank - virtualized system.
[    0.000000] x86/PAT: Configuration [0-7]: WB  WT  UC- UC  WB  WT  UC- UC  
[    0.000000] found SMP MP-table at [mem 0x0009fff0-0x0009ffff] mapped at [ffff88000009fff0]
[    0.000000] Scanning 1 areas for low memory corruption
[    0.000000] RAMDISK: [mem 0x361f6000-0x370f2fff]
[    0.000000] ACPI: Early table checksum verification disabled
[    0.000000] ACPI: RSDP 0x00000000000E0000 000024 (v02 VBOX  )
[    0.000000] ACPI: XSDT 0x000000003FFF0030 00003C (v01 VBOX   VBOXXSDT 00000001 ASL  00000061)
[    0.000000] ACPI: FACP 0x000000003FFF00F0 0000F4 (v04 VBOX   VBOXFACP 00000001 ASL  00000061)
[    0.000000] ACPI: DSDT 0x000000003FFF0470 00210F (v01 VBOX   VBOXBIOS 00000002 INTL 20100528)
[    0.000000] ACPI: FACS 0x000000003FFF0200 000040
[    0.000000] ACPI: FACS 0x000000003FFF0200 000040
[    0.000000] ACPI: APIC 0x000000003FFF0240 00005C (v02 VBOX   VBOXAPIC 00000001 ASL  00000061)
[    0.000000] ACPI: SSDT 0x000000003FFF02A0 0001CC (v01 VBOX   VBOXCPUT 00000002 INTL 20100528)
[    0.000000] No NUMA configuration found
[    0.000000] Faking a node at [mem 0x0000000000000000-0x000000003ffeffff]
[    0.000000] NODE_DATA(0) allocated [mem 0x3ffeb000-0x3ffeffff]
[    0.000000] kvm-clock: Using msrs 4b564d01 and 4b564d00
[    0.000000] kvm-clock: cpu 0, msr 0:3ffe3001, primary cpu clock
[    0.000000] kvm-clock: using sched offset of 4010631358 cycles
[    0.000000] clocksource: kvm-clock: mask: 0xffffffffffffffff max_cycles: 0x1cd42e4dffb, max_idle_ns: 881590591483 ns
[    0.000000] Zone ranges:
[    0.000000]   DMA      [mem 0x0000000000001000-0x0000000000ffffff]
[    0.000000]   DMA32    [mem 0x0000000001000000-0x000000003ffeffff]
[    0.000000]   Normal   empty
[    0.000000]   Device   empty
[    0.000000] Movable zone start for each node
[    0.000000] Early memory node ranges
[    0.000000]   node   0: [mem 0x0000000000001000-0x000000000009efff]
[    0.000000]   node   0: [mem 0x0000000000100000-0x000000003ffeffff]
[    0.000000] Initmem setup node 0 [mem 0x0000000000001000-0x000000003ffeffff]
[    0.000000] ACPI: PM-Timer IO Port: 0x4008
[    0.000000] IOAPIC[0]: apic_id 2, version 32, address 0xfec00000, GSI 0-23
[    0.000000] ACPI: INT_SRC_OVR (bus 0 bus_irq 0 global_irq 2 dfl dfl)
[    0.000000] ACPI: INT_SRC_OVR (bus 0 bus_irq 9 global_irq 9 high level)
[    0.000000] Using ACPI (MADT) for SMP configuration information
[    0.000000] smpboot: Allowing 2 CPUs, 0 hotplug CPUs
[    0.000000] PM: Registered nosave memory: [mem 0x00000000-0x00000fff]
[    0.000000] PM: Registered nosave memory: [mem 0x0009f000-0x0009ffff]
[    0.000000] PM: Registered nosave memory: [mem 0x000a0000-0x000effff]
[    0.000000] PM: Registered nosave memory: [mem 0x000f0000-0x000fffff]
[    0.000000] e820: [mem 0x40000000-0xfebfffff] available for PCI devices
[    0.000000] Booting paravirtualized kernel on KVM
[    0.000000] clocksource: refined-jiffies: mask: 0xffffffff max_cycles: 0xffffffff, max_idle_ns: 7645519600211568 ns
[    0.000000] setup_percpu: NR_CPUS:512 nr_cpumask_bits:512 nr_cpu_ids:2 nr_node_ids:1
[    0.000000] PERCPU: Embedded 34 pages/cpu @ffff88003fc00000 s99544 r8192 d31528 u1048576
[    0.000000] PV qspinlock hash table entries: 256 (order: 0, 4096 bytes)
[    0.000000] Built 1 zonelists in Node order, mobility grouping on.  Total pages: 257912
[    0.000000] Policy zone: DMA32
[    0.000000] Kernel command line: BOOT_IMAGE=/boot/vmlinuz-4.4.0-122-generic root=UUID=a7eda442-e46f-485f-988d-83ec628120f3 ro console=tty1 console=ttyS0
[    0.000000] PID hash table entries: 4096 (order: 3, 32768 bytes)
[    0.000000] Memory: 997176K/1048120K available (8532K kernel code, 1313K rwdata, 3996K rodata, 1508K init, 1316K bss, 50944K reserved, 0K cma-reserved)
[    0.000000] SLUB: HWalign=64, Order=0-3, MinObjects=0, CPUs=2, Nodes=1
[    0.000000] Kernel/User page tables isolation: enabled
[    0.000000] Hierarchical RCU implementation.
[    0.000000] 	Build-time adjustment of leaf fanout to 64.
[    0.000000] 	RCU restricting CPUs from NR_CPUS=512 to nr_cpu_ids=2.
[    0.000000] RCU: Adjusting geometry for rcu_fanout_leaf=64, nr_cpu_ids=2
[    0.000000] NR_IRQS:33024 nr_irqs:440 16
[    0.000000] Console: colour VGA+ 80x25
[    0.000000] console [tty1] enabled
[    0.000000] console [ttyS0] enabled
[    0.000000] tsc: Detected 2527.146 MHz processor
[    0.900031] Calibrating delay loop (skipped) preset value.. 5054.29 BogoMIPS (lpj=10108584)
[    0.953747] pid_max: default: 32768 minimum: 301
[    0.982401] ACPI: Core revision 20150930
[    1.035703] ACPI: 2 ACPI AML tables successfully acquired and loaded
[    1.053456] Security Framework initialized
[    1.068581] Yama: becoming mindful.
[    1.070127] AppArmor: AppArmor initialized
[    1.073803] Dentry cache hash table entries: 131072 (order: 8, 1048576 bytes)
[    1.085752] Inode-cache hash table entries: 65536 (order: 7, 524288 bytes)
[    1.093844] Mount-cache hash table entries: 2048 (order: 2, 16384 bytes)
[    1.096248] Mountpoint-cache hash table entries: 2048 (order: 2, 16384 bytes)
[    1.109965] Initializing cgroup subsys io
[    1.112686] Initializing cgroup subsys memory
[    1.121099] Initializing cgroup subsys devices
[    1.128328] Initializing cgroup subsys freezer
[    1.138522] Initializing cgroup subsys net_cls
[    1.139766] Initializing cgroup subsys perf_event
[    1.146656] Initializing cgroup subsys net_prio
[    1.149477] Initializing cgroup subsys hugetlb
[    1.156626] Initializing cgroup subsys pids
[    1.158516] CPU: Physical Processor ID: 0
[    1.174736] CPU: Processor Core ID: 0
[    1.177515] FEATURE SPEC_CTRL Not Present
[    1.180340] mce: CPU supports 0 MCE banks
[    1.185947] Last level iTLB entries: 4KB 512, 2MB 7, 4MB 7
[    1.198145] Last level dTLB entries: 4KB 512, 2MB 32, 4MB 32, 1GB 0
[    1.211998] Spectre V2 mitigation: Mitigation: Full generic retpoline
[    1.214739] Spectre V2 mitigation: Speculation control IBPB not-supported IBRS not-supported
[    1.219546] Freeing SMP alternatives memory: 32K
[    1.234040] ftrace: allocating 32202 entries in 126 pages
[    1.316003] smpboot: APIC(0) Converting physical 0 to logical package 0
[    1.328656] smpboot: Max logical packages: 1
[    1.346209] x2apic enabled
[    1.353587] Switched APIC routing to physical x2apic.
[    1.363130] ..TIMER: vector=0x30 apic1=0 pin1=2 apic2=-1 pin2=-1
[    1.476637] smpboot: CPU0: Intel(R) Core(TM) i5 CPU       M 540  @ 2.53GHz (family: 0x6, model: 0x25, stepping: 0x2)
[    1.521707] Performance Events: unsupported p6 CPU model 37 no PMU driver, software events only.
[    1.537361] KVM setup paravirtual spinlock
[    1.539630] x86: Booting SMP configuration:
[    1.569828] .... node  #0, CPUs:      #1
[    1.576551] kvm-clock: cpu 1, msr 0:3ffe3041, secondary cpu clock
[    1.584912] mce: CPU supports 0 MCE banks
[    1.587770] x86: Booted up 1 node, 2 CPUs
[    1.591089] smpboot: Total of 2 processors activated (10108.58 BogoMIPS)
[    1.595627] devtmpfs: initialized
[    1.610061] evm: security.selinux
[    1.627655] evm: security.SMACK64
[    1.630458] evm: security.SMACK64EXEC
[    1.633033] evm: security.SMACK64TRANSMUTE
[    1.645561] evm: security.SMACK64MMAP
[    1.647305] evm: security.ima
[    1.648999] evm: security.capability
[    1.650811] clocksource: jiffies: mask: 0xffffffff max_cycles: 0xffffffff, max_idle_ns: 7645041785100000 ns
[    1.677962] futex hash table entries: 512 (order: 3, 32768 bytes)
[    1.690088] pinctrl core: initialized pinctrl subsystem
[    1.705306] RTC time: 22:02:01, date: 05/03/18
[    1.716971] NET: Registered protocol family 16
[    1.737048] cpuidle: using governor ladder
[    1.764790] cpuidle: using governor menu
[    1.780271] PCCT header not found.
[    1.788877] ACPI: bus type PCI registered
[    1.812532] acpiphp: ACPI Hot Plug PCI Controller Driver version: 0.5
[    1.858537] PCI: Using configuration type 1 for base access
[    1.878269] ACPI: Added _OSI(Module Device)
[    1.881818] ACPI: Added _OSI(Processor Device)
[    1.887880] ACPI: Added _OSI(3.0 _SCP Extensions)
[    1.903473] ACPI: Added _OSI(Processor Aggregator Device)
[    1.905763] ACPI: Executed 1 blocks of module-level executable AML code
[    1.931980] ACPI: Interpreter enabled
[    1.955390] ACPI: (supports S0 S5)
[    1.962315] ACPI: Using IOAPIC for interrupt routing
[    1.990632] PCI: Using host bridge windows from ACPI; if necessary, use "pci=nocrs" and report a bug
[    2.049605] ACPI: PCI Root Bridge [PCI0] (domain 0000 [bus 00-ff])
[    2.058893] acpi PNP0A03:00: _OSC: OS supports [ASPM ClockPM Segments MSI]
[    2.067891] acpi PNP0A03:00: _OSC failed (AE_NOT_FOUND); disabling ASPM
[    2.071477] acpi PNP0A03:00: fail to add MMCONFIG information, can't access extended PCI configuration space under this bridge.
[    2.089661] PCI host bridge to bus 0000:00
[    2.126430] pci_bus 0000:00: root bus resource [io  0x0000-0x0cf7 window]
[    2.167383] pci_bus 0000:00: root bus resource [io  0x0d00-0xffff window]
[    2.224466] pci_bus 0000:00: root bus resource [mem 0x000a0000-0x000bffff window]
[    2.243054] pci_bus 0000:00: root bus resource [mem 0x40000000-0xffdfffff window]
[    2.255417] pci_bus 0000:00: root bus resource [bus 00-ff]
[    2.259632] pci 0000:00:01.1: legacy IDE quirk: reg 0x10: [io  0x01f0-0x01f7]
[    2.265314] pci 0000:00:01.1: legacy IDE quirk: reg 0x14: [io  0x03f6]
[    2.296256] pci 0000:00:01.1: legacy IDE quirk: reg 0x18: [io  0x0170-0x0177]
[    2.316771] pci 0000:00:01.1: legacy IDE quirk: reg 0x1c: [io  0x0376]
[    2.394231] pci 0000:00:07.0: quirk: [io  0x4000-0x403f] claimed by PIIX4 ACPI
[    2.410494] pci 0000:00:07.0: quirk: [io  0x4100-0x410f] claimed by PIIX4 SMB
[    2.437371] ACPI: PCI Interrupt Link [LNKA] (IRQs 5 9 10 *11)
[    2.456297] ACPI: PCI Interrupt Link [LNKB] (IRQs 5 9 10 *11)
[    2.465302] ACPI: PCI Interrupt Link [LNKC] (IRQs 5 9 *10 11)
[    2.488583] ACPI: PCI Interrupt Link [LNKD] (IRQs 5 *9 10 11)
[    2.498864] ACPI: Enabled 2 GPEs in block 00 to 07
[    2.506973] vgaarb: setting as boot device: PCI:0000:00:02.0
[    2.511831] vgaarb: device added: PCI:0000:00:02.0,decodes=io+mem,owns=io+mem,locks=none
[    2.517065] vgaarb: loaded
[    2.531006] vgaarb: bridge control possible 0000:00:02.0
[    2.558223] SCSI subsystem initialized
[    2.574484] ACPI: bus type USB registered
[    2.585009] usbcore: registered new interface driver usbfs
[    2.598069] usbcore: registered new interface driver hub
[    2.599519] usbcore: registered new device driver usb
[    2.619499] PCI: Using ACPI for IRQ routing
[    2.634092] NetLabel: Initializing
[    2.637150] NetLabel:  domain hash size = 128
[    2.661941] NetLabel:  protocols = UNLABELED CIPSOv4
[    2.668513] NetLabel:  unlabeled traffic allowed by default
[    2.690353] amd_nb: Cannot enumerate AMD northbridges
[    2.696058] clocksource: Switched to clocksource kvm-clock
[    2.711531] AppArmor: AppArmor Filesystem Enabled
[    2.739145] pnp: PnP ACPI init
[    2.758290] pnp: PnP ACPI: found 3 devices
[    2.791253] clocksource: acpi_pm: mask: 0xffffff max_cycles: 0xffffff, max_idle_ns: 2085701024 ns
[    2.805360] NET: Registered protocol family 2
[    2.859624] TCP established hash table entries: 8192 (order: 4, 65536 bytes)
[    2.892394] TCP bind hash table entries: 8192 (order: 5, 131072 bytes)
[    2.936083] TCP: Hash tables configured (established 8192 bind 8192)
[    2.937720] UDP hash table entries: 512 (order: 2, 16384 bytes)
[    2.939308] UDP-Lite hash table entries: 512 (order: 2, 16384 bytes)
[    2.972534] NET: Registered protocol family 1
[    3.021276] pci 0000:00:00.0: Limiting direct PCI/PCI transfers
[    3.032631] pci 0000:00:01.0: Activating ISA DMA hang workarounds
[    3.038163] Unpacking initramfs...
[    3.465408] Freeing initrd memory: 15348K
[    3.476600] platform rtc_cmos: registered platform RTC device (no PNP device found)
[    3.497114] Scanning for low memory corruption every 60 seconds
[    3.509068] audit: initializing netlink subsys (disabled)
[    3.515528] audit: type=2000 audit(1525384926.649:1): initialized
[    3.529091] Initialise system trusted keyring
[    3.548727] HugeTLB registered 2 MB page size, pre-allocated 0 pages
[    3.564919] zbud: loaded
[    3.575201] VFS: Disk quotas dquot_6.6.0
[    3.585858] VFS: Dquot-cache hash table entries: 512 (order 0, 4096 bytes)
[    3.598272] squashfs: version 4.0 (2009/01/31) Phillip Lougher
[    3.600415] fuse init (API version 7.23)
[    3.612444] Key type big_key registered
[    3.617697] Allocating IMA MOK and blacklist keyrings.
[    3.628107] Key type asymmetric registered
[    3.630695] Asymmetric key parser 'x509' registered
[    3.633702] Block layer SCSI generic (bsg) driver version 0.4 loaded (major 249)
[    3.637903] io scheduler noop registered
[    3.640248] io scheduler deadline registered (default)
[    3.649868] io scheduler cfq registered
[    3.654837] pci_hotplug: PCI Hot Plug PCI Core version: 0.5
[    3.665179] pciehp: PCI Express Hot Plug Controller Driver version: 0.4
[    3.678523] ACPI: AC Adapter [AC] (on-line)
[    3.693694] input: Power Button as /devices/LNXSYSTM:00/LNXPWRBN:00/input/input0
[    3.703542] ACPI: Power Button [PWRF]
[    3.729332] input: Sleep Button as /devices/LNXSYSTM:00/LNXSLPBN:00/input/input1
[    3.749421] ACPI: Sleep Button [SLPF]
[    3.761707] GHES: HEST is not enabled!
[    3.780007] ACPI: Battery Slot [BAT0] (battery present)
[    3.781962] Serial: 8250/16550 driver, 32 ports, IRQ sharing enabled
[    3.859223] 00:02: ttyS0 at I/O 0x3f8 (irq = 4, base_baud = 115200) is a 16550A
[    3.882500] Linux agpgart interface v0.103
[    3.920798] loop: module loaded
[    3.928849] scsi host0: ata_piix
[    3.962164] scsi host1: ata_piix
[    3.970405] ata1: PATA max UDMA/33 cmd 0x1f0 ctl 0x3f6 bmdma 0xd000 irq 14
[    3.999855] ata2: PATA max UDMA/33 cmd 0x170 ctl 0x376 bmdma 0xd008 irq 15
[    4.022869] libphy: Fixed MDIO Bus: probed
[    4.060055] tun: Universal TUN/TAP device driver, 1.6
[    4.073505] tun: (C) 1999-2004 Max Krasnyansky <maxk@qualcomm.com>
[    4.164606] PPP generic driver version 2.4.2
[    4.206487] ehci_hcd: USB 2.0 'Enhanced' Host Controller (EHCI) Driver
[    4.237639] ehci-pci: EHCI PCI platform driver
[    4.266303] ehci-platform: EHCI generic platform driver
[    4.277298] ohci_hcd: USB 1.1 'Open' Host Controller (OHCI) Driver
[    4.396685] ohci-pci: OHCI PCI platform driver
[    4.441869] ohci-platform: OHCI generic platform driver
[    4.459424] uhci_hcd: USB Universal Host Controller Interface driver
[    4.468268] i8042: PNP: PS/2 Controller [PNP0303:PS2K,PNP0f03:PS2M] at 0x60,0x64 irq 1,12
[    4.512428] tsc: Refined TSC clocksource calibration: 2526.321 MHz
[    4.533531] clocksource: tsc: mask: 0xffffffffffffffff max_cycles: 0x246a5a28aaa, max_idle_ns: 440795266626 ns
[    4.534596] serio: i8042 KBD port at 0x60,0x64 irq 1
[    4.534609] serio: i8042 AUX port at 0x60,0x64 irq 12
[    4.604236] mousedev: PS/2 mouse device common for all mice
[    4.604788] input: AT Translated Set 2 keyboard as /devices/platform/i8042/serio0/input/input2
[    4.605610] rtc_cmos rtc_cmos: rtc core: registered rtc_cmos as rtc0
[    4.605719] rtc_cmos rtc_cmos: alarms up to one day, 114 bytes nvram
[    4.605735] i2c /dev entries driver
[    4.605850] device-mapper: uevent: version 1.0.3
[    4.605973] device-mapper: ioctl: 4.34.0-ioctl (2015-10-28) initialised: dm-devel@redhat.com
[    4.605999] ledtrig-cpu: registered to indicate activity on CPUs
[    4.606557] NET: Registered protocol family 10
[    4.606835] NET: Registered protocol family 17
[    4.606853] Key type dns_resolver registered
[    4.607341] registered taskstats version 1
[    4.607367] Loading compiled-in X.509 certificates
[    4.608684] Loaded X.509 cert 'Build time autogenerated kernel key: eb3f78ccfd14bc84ef58e051a28e8b7731c2f6e2'
[    4.608753] zswap: loaded using pool lzo/zbud
[    4.613215] Key type trusted registered
[    4.624468] Key type encrypted registered
[    4.624482] AppArmor: AppArmor sha1 policy hashing enabled
[    4.624488] ima: No TPM chip found, activating TPM-bypass!
[    4.624588] evm: HMAC attrs: 0x1
[    4.625186]   Magic number: 2:514:46
[    4.640735] rtc_cmos rtc_cmos: setting system clock to 2018-05-03 22:02:04 UTC (1525384924)
[    4.641160] BIOS EDD facility v0.16 2004-Jun-25, 0 devices found
[    4.641161] EDD information not available.
[    5.098316] Freeing unused kernel memory: 1508K
[    5.116222] Write protecting the kernel read-only data: 14336k
[    5.147735] Freeing unused kernel memory: 1696K
[    5.156313] Freeing unused kernel memory: 100K
Loading, please wait...
starting version[    5.181457] random: systemd-udevd: uninitialized urandom read (16 bytes read, 3 bits of entropy available)
 229
[    5.182083] random: udevadm: uninitialized urandom read (16 bytes read, 3 bits of entropy available)
[    5.182118] random: udevadm: uninitialized urandom read (16 bytes read, 3 bits of entropy available)
[    5.199910] random: udevadm: uninitialized urandom read (16 bytes read, 3 bits of entropy available)
[    5.199987] random: udevadm: uninitialized urandom read (16 bytes read, 3 bits of entropy available)
[    5.200239] random: udevadm: uninitialized urandom read (16 bytes read, 3 bits of entropy available)
[    5.200339] random: udevadm: uninitialized urandom read (16 bytes read, 3 bits of entropy available)
[    5.200530] random: udevadm: uninitialized urandom read (16 bytes read, 3 bits of entropy available)
[    5.200657] random: udevadm: uninitialized urandom read (16 bytes read, 3 bits of entropy available)
[    5.200760] random: udevadm: uninitialized urandom read (16 bytes read, 3 bits of entropy available)
[    5.457179] e1000: Intel(R) PRO/1000 Network Driver - version 7.3.21-k8-NAPI
[    5.477967] e1000: Copyright (c) 1999-2006 Intel Corporation.
[    5.478045] Fusion MPT base driver 3.04.20
[    5.478046] Copyright (c) 1999-2008 LSI Corporation
[    5.521722] Fusion MPT SPI Host driver 3.04.20
[    5.558934] SSE version of gcm_enc/dec engaged.
[    5.783235] input: ImExPS/2 Generic Explorer Mouse as /devices/platform/i8042/serio1/input/input4
[    6.018120] e1000 0000:00:03.0 eth0: (PCI:33MHz:32-bit) 02:66:2d:c5:e5:fb
[    6.037383] e1000 0000:00:03.0 eth0: Intel(R) PRO/1000 Network Connection
[    6.045172] e1000 0000:00:03.0 enp0s3: renamed from eth0
[    6.077824] mptbase: ioc0: Initiating bringup
[    6.144656] ioc0: LSI53C1030 A0: Capabilities={Initiator}
[    6.355027] scsi host2: ioc0: LSI53C1030 A0, FwRev=00000000h, Ports=1, MaxQ=256, IRQ=20
[    6.476907] scsi 2:0:0:0: Direct-Access     VBOX     HARDDISK         1.0  PQ: 0 ANSI: 5
[    6.481603] scsi target2:0:0: Beginning Domain Validation
[    6.505099] scsi target2:0:0: Domain Validation skipping write tests
[    6.547944] scsi target2:0:0: Ending Domain Validation
[    6.582724] scsi target2:0:0: asynchronous
[    6.587488] scsi 2:0:1:0: Direct-Access     VBOX     HARDDISK         1.0  PQ: 0 ANSI: 5
[    6.680855] scsi target2:0:1: Beginning Domain Validation
[    6.697266] scsi target2:0:1: Domain Validation skipping write tests
[    6.718034] scsi target2:0:1: Ending Domain Validation
[    6.729126] scsi target2:0:1: asynchronous
[    6.808231] sd 2:0:0:0: [sda] 20971520 512-byte logical blocks: (10.7 GB/10.0 GiB)
[    6.819179] sd 2:0:0:0: Attached scsi generic sg0 type 0
[    6.822950] sd 2:0:0:0: [sda] Write Protect is off
[    6.823605] sd 2:0:1:0: [sdb] 20480 512-byte logical blocks: (10.5 MB/10.0 MiB)
[    6.823911] sd 2:0:1:0: [sdb] Write Protect is off
[    6.824144] sd 2:0:1:0: [sdb] Incomplete mode parameter data
[    6.824146] sd 2:0:1:0: [sdb] Assuming drive cache: write through
[    6.830935] sd 2:0:1:0: [sdb] Attached SCSI disk
[    6.856383] sd 2:0:1:0: Attached scsi generic sg1 type 0
[    7.055962] sd 2:0:0:0: [sda] Incomplete mode parameter data
[    7.083697] sd 2:0:0:0: [sda] Assuming drive cache: write through
[    7.091934]  sda: sda1
[    7.094998] sd 2:0:0:0: [sda] Attached SCSI disk
Begin: Loading e[    8.674484] md: linear personality registered for level -1
ssential drivers[    8.693583] md: multipath personality registered for level -4
 ... [    8.746667] md: raid0 personality registered for level 0
[    8.765937] md: raid1 personality registered for level 1
[    8.872230] raid6: sse2x1   gen()  6704 MB/s
[    8.952622] raid6: sse2x1   xor()  5046 MB/s
[    9.032215] raid6: sse2x2   gen()  8013 MB/s
[    9.120222] raid6: sse2x2   xor()  6256 MB/s
[    9.220096] raid6: sse2x4   gen()  8852 MB/s
[    9.328157] raid6: sse2x4   xor()  3319 MB/s
[    9.336235] raid6: using algorithm sse2x4 gen() 8852 MB/s
[    9.346925] raid6: .... xor() 3319 MB/s, rmw enabled
[    9.388210] raid6: using ssse3x2 recovery algorithm
[    9.429738] xor: measuring software checksum speed
[    9.496707]    prefetch64-sse: 12275.000 MB/sec
[    9.560398]    generic_sse: 10297.000 MB/sec
[    9.571736] xor: using function: prefetch64-sse (12275.000 MB/sec)
[    9.585051] async_tx: api initialized (async)
[    9.604489] md: raid6 personality registered for level 6
[    9.640964] md: raid5 personality registered for level 5
[    9.649650] md: raid4 personality registered for level 4
[    9.666626] md: raid10 personality registered for level 10
done.
Begin: Running /scripts/init-premount ... done.
Begin: Mounting root file system ... Begin: Running /scripts/local-top ... done.
Begin: Running /scripts/local-pr[    9.734129] Btrfs loaded
emount ... Scanning for Btrfs filesystems
done.
Warning: fsck not present, so skipping root file system
[    9.789418] EXT4-fs (sda1): INFO: recovery required on readonly filesystem
[    9.802360] EXT4-fs (sda1): write access will be enabled during recovery
[   10.056253] EXT4-fs (sda1): recovery complete
[   10.093696] EXT4-fs (sda1): mounted filesystem with ordered data mode. Opts: (null)
done.
Begin: Running /scripts/local-bottom ... done.
Begin: Running /scripts/init-bottom ... done.
[   10.273884] systemd[1]: systemd 229 running in system mode. (+PAM +AUDIT +SELINUX +IMA +APPARMOR +SMACK +SYSVINIT +UTMP +LIBCRYPTSETUP +GCRYPT +GNUTLS +ACL +XZ -LZ4 +SECCOMP +BLKID +ELFUTILS +KMOD -IDN)
[   10.326633] systemd[1]: Detected virtualization oracle.
[   10.338159] systemd[1]: Detected architecture x86-64.

Welcome to [1mUbuntu 16.04.4 LTS[0m!

[   10.369269] systemd[1]: Set hostname to <ubuntu-xenial>.
[   40.972300] mptscsih: ioc0: attempting task abort! (sc=ffff880036e39200)
[   41.002246] sd 2:0:0:0: [sda] tag#9 CDB: Read(10) 28 00 00 2d 46 48 00 00 80 00
[   41.128277] mptscsih: ioc0: task abort: FAILED (rv=2003) (sc=ffff880036e39200)
[   41.161876] mptscsih: ioc0: attempting target reset! (sc=ffff880036e39200)
[   41.233071] sd 2:0:0:0: [sda] tag#9 CDB: Read(10) 28 00 00 2d 46 48 00 00 80 00
[   41.360672] mptscsih: ioc0: target reset: SUCCESS (sc=ffff880036e39200)
[   41.485578] systemd[1]: Reached target Encrypted Volumes.
[[0;32m  OK  [0m] Reached target Encrypted Volumes.
[   41.521094] systemd[1]: Started Trigger resolvconf update for networkd DNS.
[[0;32m  OK  [0m] Started Trigger resolvconf update for networkd DNS.
[   41.613077] systemd[1]: Created slice User and Session Slice.
[[0;32m  OK  [0m] Created slice User and Session Slice.
[   41.668976] systemd[1]: Listening on Journal Audit Socket.
[[0;32m  OK  [0m] Listening on Journal Audit Socket.
[   41.721007] systemd[1]: Started Forward Password Requests to Wall Directory Watch.
[[0;32m  OK  [0m] Started Forward Password Requests to Wall Directory Watch.
[   41.744512] systemd[1]: Listening on udev Kernel Socket.
[[0;32m  OK  [0m] Listening on udev Kernel Socket.
[   41.784903] systemd[1]: Set up automount Arbitrary Executable File Formats File System Automount Point.
[[0;32m  OK  [0m] Set up automount Arbitrary Executab...ats File System Automount Point.
[   41.910201] systemd[1]: Created slice System Slice.
[[0;32m  OK  [0m] Created slice System Slice.
[   41.934488] random: nonblocking pool is initialized
[   41.938876] systemd[1]: Created slice system-serial\x2dgetty.slice.
[[0;32m  OK  [0m] Created slice system-serial\x2dgetty.slice.
[   42.071948] systemd[1]: Listening on Device-mapper event daemon FIFOs.
[[0;32m  OK  [0m] Listening on Device-mapper event daemon FIFOs.
[   42.102393] systemd[1]: Created slice system-postgresql.slice.
[[0;32m  OK  [0m] Created slice system-postgresql.slice.
[   42.112873] systemd[1]: Listening on /dev/initctl Compatibility Named Pipe.
[[0;32m  OK  [0m] Listening on /dev/initctl Compatibility Named Pipe.
[   42.140753] systemd[1]: Listening on Syslog Socket.
[[0;32m  OK  [0m] Listening on Syslog Socket.
[   42.152401] systemd[1]: Listening on Journal Socket.
[[0;32m  OK  [0m] Listening on Journal Socket.
[   42.204789] systemd[1]: Mounting Debug File System...
         Mounting Debug File System...
[   42.258307] systemd[1]: Starting Set console keymap...
         Starting Set console keymap...
[   42.308552] systemd[1]: Mounting POSIX Message Queue File System...
         Mounting POSIX Message Queue File System...
[   42.380862] systemd[1]: Starting Load Kernel Modules...
         Starting Load Kernel Modules...[   42.457879] Loading iSCSI transport class v2.0-870.

[   42.479625] systemd[1]: Reached target System Time Synchronized.
[[0;32m  OK  [0m] Reached target System Time Sy[   42.570762] iscsi: registered transport (tcp)
nchronized.
[   42.644621] systemd[1]: Reached target Swap.
[[0;32m  OK  [0m] Reached target Swap.
[   42.702040] iscsi: registered transport (iser)
[   42.717504] systemd[1]: Starting Uncomplicated firewall...
         Starting Uncomplicated firewall...
[   42.734700] systemd[1]: Listening on LVM2 poll daemon socket.
[[0;32m  OK  [0m] Listening on LVM2 poll daemon socket.
[   42.750403] systemd[1]: Starting Remount Root and Kernel File Systems...
         [   42.769271] EXT4-fs (sda1): re-mounted. Opts: (null)
Starting Remount Root and Kernel File Systems...
[   42.782031] systemd[1]: Starting Nameserver information manager...
         Starting Nameserver information manager...
[   42.830449] systemd[1]: Reached target User and Group Name Lookups.
[[0;32m  OK  [0m] Reached target User and Group Name Lookups.
[   42.838297] systemd[1]: Listening on udev Control Socket.
[[0;32m  OK  [0m] Listening on udev Control Socket.
[   42.867903] systemd[1]: Starting Create list of required static device nodes for the current kernel...
         Starting Create list of required st... nodes for the current kernel...
[   42.892070] systemd[1]: Listening on Journal Socket (/dev/log).
[[0;32m  OK  [0m] Listening on Journal Socket (/dev/log).
[   42.916562] systemd[1]: Starting Journal Service...
         Starting Journal Service...
[   42.948580] systemd[1]: Listening on LVM2 metadata daemon socket.
[[0;32m  OK  [0m] Listening on LVM2 metadata daemon socket.
[   42.976651] systemd[1]: Starting Monitoring of LVM2 mirrors, snapshots etc. using dmeventd or progress polling...
         Starting Monitoring of LVM2 mirrors... dmeventd or progress polling...
[   43.045044] systemd[1]: Reached target Slices.
[[0;32m  OK  [0m] Reached target Slices.
[   43.124505] systemd[1]: Mounting Huge Pages File System...
         Mounting Huge Pages File System...
[   43.191693] systemd[1]: Mounted POSIX Message Queue File System.
[[0;32m  OK  [0m] Mounted POSIX Message Queue File System.
[   43.260644] systemd[1]: Mounted Debug File System.
[[0;32m  OK  [0m] Mounted Debug File System.
[   43.284581] systemd[1]: Mounted Huge Pages File System.
[[0;32m  OK  [0m] Mounted Huge Pages File System.
[   43.297992] systemd[1]: Started Journal Service.
[[0;32m  OK  [0m] Started Journal Service.
[[0;32m  OK  [0m] Started Set console keymap.
[[0;32m  OK  [0m] Started Load Kernel Modules.
[[0;32m  OK  [0m] Started Uncomplicated firewall.
[[0;32m  OK  [0m] Started Remount Root and Kernel File Systems.
[[0;32m  OK  [0m] Started Create list of required sta...ce nodes for the current kernel.
[[0;32m  OK  [0m] Started Nameserver information manager.
[[0;32m  OK  [0m] Started LVM2 metadata daemon.
         Starting Create Static Device Nodes in /dev...
         Starting Load/Save Random Seed...
         Starting Initial cloud-init job (pre-networking)...
         Starting udev Coldplug all Devices...
         Starting Apply Kernel Variables...
         Mounting FUSE Control File System...
         Starting Flush Journal to Persistent Storage...
[[0;32m  OK  [0m] Mounted FUSE Control File System.
[[0;32m  OK  [0m] Started Create Static Device Nodes in /dev.
[[0;32m  OK  [0m] Started Load/Save Random Seed.
[[0;32m  OK  [0m] Started Apply Kernel Variables.
[[0;32m  OK  [0m] Started Monitoring of LVM2 mirrors,...ng dmeventd or progress polling.
[[0;32m  OK  [0m] Started Flush Journal to Persistent Storage.
         Starting udev Kernel Device Manager...
[[0;32m  OK  [0m] Started udev Kernel Device Manager.
[[0;32m  OK  [0m] Reached target Local File Systems (Pre).
[[0;32m  OK  [0m] Reached target Local File Systems.
         Starting Tell Plymouth To Write Out Runtime Data...
         Starting LSB: AppArmor initialization...
         Starting Set console font and keymap...
         Starting Create Volatile Files and Directories...
[[0;32m  OK  [0m] Started Tell Plymouth To Write Out Runtime Data.
[[0;32m  OK  [0m] Started Create Volatile Files and Directories.
         Starting Update UTMP about System Boot/Shutdown...
[[0;32m  OK  [0m] Started Update UTMP about System Boot/Shutdown.
[[0;32m  OK  [0m] Started LSB: AppArmor initialization.
[[0;32m  OK  [0m] Started Set console font and keymap.
[[0;32m  OK  [0m] Created slice system-getty.slice.
[[0;32m  OK  [0m] Started udev Coldplug all Devices.
[[0;32m  OK  [0m] Started Dispatch Password Requests to Console Directory Watch.
[[0;32m  OK  [0m] Found device /dev/ttyS0.
[[0;32m  OK  [0m] Found device 82540EM Gigabit Ethern...r (PRO/1000 MT Desktop Adapter).
[[0;32m  OK  [0m] Listening on Load/Save RF Kill Switch Status /dev/rfkill Watch.
[  105.882965] cloud-init[458]: Cloud-init v. 18.2 running 'init-local' at Thu, 03 May 2018 22:03:47 +0000. Up 105.45 seconds.
[[0;32m  OK  [0m] Started Initial cloud-init job (pre-networking).
[[0;32m  OK  [0m] Reached target Network (Pre).
         Starting Raise network interfaces...
[[0;32m  OK  [0m] Started ifup for enp0s3.
[[0;32m  OK  [0m] Started Raise network interfaces.
[[0;32m  OK  [0m] Reached target Network.
         Starting Initial cloud-init job (metadata service crawler)...
[  107.546938] cloud-init[975]: Cloud-init v. 18.2 running 'init' at Thu, 03 May 2018 22:03:49 +0000. Up 107.05 seconds.
[  107.567890] cloud-init[975]: ci-info: +++++++++++++++++++++++++++++++++++++Net device info++++++++++++++++++++++++++++++++++++++
[  107.605515] cloud-init[975]: ci-info: +--------+------+----------------------------+---------------+-------+-------------------+
[[0;32m  OK  [0m] Started Initial cloud-init job (metadata service crawler).
[[0;32m  OK  [0m] Reached target System Initialization.
[  107.685604] cloud-init[975]: ci-info: | Device |  Up  |          Address           |      Mask     | Scope |     Hw-Address    |
[  107.780384] [cloud-init[0;32m  OK  [0m[975]: ] ci-info: +--------+------+----------------------------+---------------+-------+-------------------+Started ACPI Events Check.

[  107.781239] [[0;32m  OK  [0m] Reached target Paths.
[[0;32m  OK  [0m] Listening on UUID daemon activation socket.
cloud-init[975]: ci-info: | enp0s3 | True |         10.0.2.15          | 255.255.255.0 |   .   | 02:66:2d:c5:e5:fb |
[[0;32m  OK  [0m] Listening on D-Bus System Message Bus Socket.
[[0;32m  OK  [0m] Listening on ACPID Listen Socket.
[  107.844005] cloud-init[975]: ci-info: | enp0s3 | True | fe80::66:2dff:fec5:e5fb/64 |       .       |  link | 02:66:2d:c5:e5:fb |
[  107.929518] [cloud-init[0;32m  OK  [0m[975]: ] ci-info: |   lo   | True |         127.0.0.1          |   255.0.0.0   |   .   |         .         |Started Daily apt download activities.

[[0;32m  OK  [0m] Started Daily apt upgrade and clean activities.
[[0;32m  OK  [0m] Started Daily Cleanup of Temporary Directories.
[  107.930482] cloud-init[975]: ci-info: |   lo   | True |          ::1/128           |       .       |  host |         .         |
[  107.994219] [cloud-init[0;32m  OK  [0m[975]: ] ci-info: +--------+------+----------------------------+---------------+-------+-------------------+Reached target Timers.

[  107.995095]          cloud-initStarting Socket activation for snappy daemon.[975]: 
ci-info: +++++++++++++++++++++++++++Route IPv4 info++++++++++++++++++++++++++++
[  108.132785]          cloud-initStarting LXD - unix socket.[975]: 
ci-info: +-------+-------------+----------+---------------+-----------+-------+
[  108.155480] [[0;32m  OK  [0m] Reached target Cloud-config availability.
cloud-init[975]: ci-info: | Route | Destination | Gateway  |    Genmask    | Interface | Flags |
[  108.244753] [cloud-init[0;32m  OK  [0m[975]: ] ci-info: +-------+-------------+----------+---------------+-----------+-------+Reached target Network is Online.

[  108.284937]          cloud-initStarting iSCSI initiator daemon (iscsid)...[975]: 
ci-info: |   0   |   0.0.0.0   | 10.0.2.2 |    0.0.0.0    |   enp0s3  |   UG  |
[[0;32m  OK  [0m] Listening on Socket activation for snappy daemon.
[[0;32m  OK  [0m[  108.392771] ] cloud-initListening on LXD - unix socket.[975]: 
ci-info: |   1   |   10.0.2.0  | 0.0.0.0  | 255.255.255.0 |   enp0s3  |   U   |
[  108.497547] cloud-init[975]: ci-info: +-------+-------------+----------+---------------+-----------+-------+
[[0;32m  OK  [0m] Started iSCSI initiator daemon (iscsid).
         Starting Login to default iSCSI targets...
[[0;32m  OK  [0m] Reached target Sockets.
[[0;32m  OK  [0m] Reached target Basic System.
         Starting Login Service...
         Starting LSB: Record successful boot for GRUB...
         Starting /etc/rc.local Compatibility...
         Starting Virtualbox guest utils...
[[0;32m  OK  [0m] Started FUSE filesystem for LXC.
         Starting PostgreSQL Cluster 9.5-main...
         Starting System Logging Service...
[[0;32m  OK  [0m] Started D-Bus System Message Bus.
         Starting Accounts Service...
         Starting Apply the settings specified in cloud-config...
[[0;32m  OK  [0m] Started ACPI event daemon.
[[0;32m  OK  [0m] Started Regular background program processing daemon.
[[0;32m  OK  [0m] Started Unattended Upgrades Shutdown.
[[0;32m  OK  [0m] Started Deferred execution scheduler.
         Starting OpenBSD Secure Shell server...
         Starting LXD - container startup/shutdown...
         Starting LSB: MD monitoring daemon...
         Starting Snappy daemon...
[[0;32m  OK  [0m] Started System Logging Service.
[[0;32m  OK  [0m] Started OpenBSD Secure Shell server.
[[0;32m  OK  [0m] Started /etc/rc.local Compatibility.
[[0;32m  OK  [0m] Started Login to default iSCSI targets.
[[0;32m  OK  [0m] Started LXD - container startup/shutdown.
[[0;32m  OK  [0m] Started LSB: Record successful boot for GRUB.
[[0;32m  OK  [0m] Started Login Service.
         Starting Authenticate and Authorize Users to Run Privileged Tasks...
[[0;32m  OK  [0m] Reached target Remote File Systems (Pre).
[[0;32m  OK  [0m] Reached target Remote File Systems.
         Starting LSB: Start/stop sysstat's sadc...
         Starting LSB: Set the CPU Frequency Scaling governor to "ondemand"...
         Starting LSB: automatic crash report generation...
         Starting LSB: daemon to balance interrupts for SMP systems...
         Starting Permit User Sessions...
[[0;32m  OK  [0m] Started Snappy daemon.
[[0;32m  OK  [0m] Started Virtualbox guest utils.
[[0;32m  OK  [0m] Started LSB: MD monitoring daemon.
[[0;32m  OK  [0m] Started Permit User Sessions.
[[0;32m  OK  [0m] Started Authenticate and Authorize Users to Run Privileged Tasks.
[[0;32m  OK  [0m] Started Accounts Service.
[[0;32m  OK  [0m] Started LSB: Start/stop sysstat's sadc.
[[0;32m  OK  [0m] Started LSB: Set the CPU Frequency Scaling governor to "ondemand".
         Starting Terminate Plymouth Boot Screen...
         Starting Hold until boot process finishes up...
[[0;32m  OK  [0m] Started LSB: automatic crash report generation.
[[0;32m  OK  [0m] Started LSB: daemon to balance interrupts for SMP systems.
[[0;32m  OK  [0m] Started Terminate Plymouth Boot Screen.
[[0;32m  OK  [0m] Started Hold until boot process finishes up.
[[0;32m  OK  [0m] Created slice User Slice of vagrant.
         Starting User Manager for UID 1000...
[[0;32m  OK  [0m] Started Session 1 of user vagrant.
[[0;32m  OK  [0m] Started Serial Getty on ttyS0.
         Starting Set console scheme...
[[0;32m  OK  [0m] Started Getty on tty1.
[[0;32m  OK  [0m] Reached target Login Prompts.
[[0;32m  OK  [0m] Started User Manager for UID 1000.
[[0;32m  OK  [0m] Started Set console scheme.
[  111.191127] cloud-init[1070]: Cloud-init v. 18.2 running 'modules:config' at Thu, 03 May 2018 22:03:52 +0000. Up 110.89 seconds.
[[0;32m  OK  [0m] Started Apply the settings specified in cloud-config.

Ubuntu 16.04.4 LTS ubuntu-xenial ttyS0

ubuntu-xenial login: [  143.160751] cloud-init[1478]: Cloud-init v. 18.2 running 'modules:final' at Thu, 03 May 2018 22:04:24 +0000. Up 142.96 seconds.
[  143.161594] cloud-init[1478]: Cloud-init v. 18.2 finished at Thu, 03 May 2018 22:04:25 +0000. Datasource DataSourceNoCloud [seed=/dev/sdb][dsmode=net].  Up 143.15 seconds
